// Jest Snapshot v1, https://goo.gl/fbAQLP

exports[`renders 1`] = `
<styled.div>
  <styled.div>
    <styled.h2>
      foo
    </styled.h2>
    <Styled(Link)
      to="/bar"
    />
    <styled.div>
      <TestChildren />
    </styled.div>
  </styled.div>
</styled.div>
`;
