// Jest Snapshot v1, https://goo.gl/fbAQLP

exports[`InactiveAction renders 1`] = `
<Fragment>
  <ContextConsumer>
    <Component />
  </ContextConsumer>
</Fragment>
`;
