// Jest Snapshot v1, https://goo.gl/fbAQLP

exports[`<MoreOptions /> when you click "Edit Theme Files" when the design policy has not been acknowledged when viewing an inactive theme renders correctly 1`] = `
<MoreOptions
  activeThemeId="8900"
  canOptOut={true}
  configurationId="123"
  createNotification={
    [MockFunction] {
      "calls": Array [
        Array [
          true,
          "Original theme styles restored.",
          "Success",
        ],
        Array [
          true,
          "Original theme styles restored.",
          "Success",
        ],
      ],
    }
  }
  currentVariationEntry={
    Object {
      "configurationId": "123",
      "defaultConfigurationId": "234",
      "id": "567",
      "isCurrent": true,
      "screenshot": Object {
        "largePreview": "host://meows/123.jpg",
        "largeThumb": "host://meows/234.jpg",
        "smallThumb": "host://meows/345.jpg",
      },
      "themeId": "8900",
      "variationName": "light",
    }
  }
  history={[MockFunction]}
  isChanged={false}
  isPrivate={true}
  loadTheme={
    [MockFunction] {
      "calls": Array [
        Array [
          "234",
          "234",
        ],
        Array [
          "234",
          "234",
        ],
      ],
    }
  }
  location={[MockFunction]}
  match={
    Object {
      "isExact": true,
      "params": "",
      "path": "/",
      "url": "/",
    }
  }
  notifications={
    Object {
      "autoDismiss": true,
      "message": "hello",
      "type": "Success",
    }
  }
  position={
    Object {
      "x": 10,
      "y": 10,
    }
  }
  staticContext={[MockFunction]}
  storeHash="abc"
  themeId="8900"
  variationId="234"
  versionId="456"
>
  <Draggable
    position={
      Object {
        "x": 10,
        "y": 10,
      }
    }
  >
    <styled.div
      dragging={false}
      theme={
        Object {
          "layers": Object {
            "high": 100,
          },
        }
      }
    >
      <div
        className="sc-ckVGcZ cRvvSG"
        style={
          Object {
            "pointerEvents": "none",
          }
        }
      >
        <ExpandableMenu
          back={
            Object {
              "pathname": "/",
              "search": undefined,
            }
          }
          position={
            Object {
              "x": 10,
              "y": 10,
            }
          }
          startMove={[Function]}
          startResize={[Function]}
          title="More Options"
          windowRef={
            Object {
              "current": <div
                class="sc-jKJlTe eNHUZn"
                style="left: 10px; max-height: 31rem; min-height: 10.5rem; top: 10px;"
              >
                <div
                  class="sc-eNQAEJ gNZsNX"
                >
                  <div
                    class="sc-kEYyzF jxrfWL"
                  >
                    <h2
                      class="sc-kkGfuU klAQHe"
                    >
                      More Options
                    </h2>
                    <a
                      class="sc-hMqMXs hOzlTA"
                      href="/"
                      theme="[object Object]"
                    />
                  </div>
                  <div
                    class="sc-iAyFgw gLJSFE"
                  >
                    <ul
                      class="sc-kgoBCf lnAFix"
                    >
                      <li
                        class="sc-kGXeez cMNWCR"
                        data-test-id="switch-to-theme-editor"
                      >
                        Switch to old Theme Editor
                      </li>
                      <li
                        class="sc-kGXeez cMNWCR"
                        data-test-id="edit-theme-files"
                      >
                        Edit Theme Files
                      </li>
                      <li
                        class="sc-kGXeez cMNWCR"
                        data-test-id="restore-original"
                      >
                        Restore original theme styles
                      </li>
                    </ul>
                  </div>
                  <div
                    class="sc-hSdWYo eXSuhC"
                  >
                    <div
                      class="sc-eHgmQL fbxFaP"
                    >
                      <span
                        class="sc-htpNat gUgXl"
                      >
                        <svg
                          class="sc-bxivhb fJCLdB"
                          version="1.1"
                          viewBox="0 0 16 6"
                          xmlns="http://www.w3.org/2000/svg"
                        >
                          <path
                            d="
            M16 0H0V2H16V0ZM0 6H16V4H0V6Z
        "
                            fill="#CFD6E5"
                            stroke="none"
                          />
                        </svg>
                      </span>
                    </div>
                  </div>
                </div>
              </div>,
            }
          }
        >
          <styled.div
            innerRef={
              Object {
                "current": <div
                  class="sc-jKJlTe eNHUZn"
                  style="left: 10px; max-height: 31rem; min-height: 10.5rem; top: 10px;"
                >
                  <div
                    class="sc-eNQAEJ gNZsNX"
                  >
                    <div
                      class="sc-kEYyzF jxrfWL"
                    >
                      <h2
                        class="sc-kkGfuU klAQHe"
                      >
                        More Options
                      </h2>
                      <a
                        class="sc-hMqMXs hOzlTA"
                        href="/"
                        theme="[object Object]"
                      />
                    </div>
                    <div
                      class="sc-iAyFgw gLJSFE"
                    >
                      <ul
                        class="sc-kgoBCf lnAFix"
                      >
                        <li
                          class="sc-kGXeez cMNWCR"
                          data-test-id="switch-to-theme-editor"
                        >
                          Switch to old Theme Editor
                        </li>
                        <li
                          class="sc-kGXeez cMNWCR"
                          data-test-id="edit-theme-files"
                        >
                          Edit Theme Files
                        </li>
                        <li
                          class="sc-kGXeez cMNWCR"
                          data-test-id="restore-original"
                        >
                          Restore original theme styles
                        </li>
                      </ul>
                    </div>
                    <div
                      class="sc-hSdWYo eXSuhC"
                    >
                      <div
                        class="sc-eHgmQL fbxFaP"
                      >
                        <span
                          class="sc-htpNat gUgXl"
                        >
                          <svg
                            class="sc-bxivhb fJCLdB"
                            version="1.1"
                            viewBox="0 0 16 6"
                            xmlns="http://www.w3.org/2000/svg"
                          >
                            <path
                              d="
            M16 0H0V2H16V0ZM0 6H16V4H0V6Z
        "
                              fill="#CFD6E5"
                              stroke="none"
                            />
                          </svg>
                        </span>
                      </div>
                    </div>
                  </div>
                </div>,
              }
            }
            position={
              Object {
                "x": 10,
                "y": 10,
              }
            }
            theme={
              Object {
                "elevation": Object {
                  "floating": "0 2px 12px rgba(48, 53, 64, 0.2)",
                },
                "layers": Object {
                  "high": 50,
                },
              }
            }
          >
            <div
              className="sc-jKJlTe eNHUZn"
              style={
                Object {
                  "left": "10px",
                  "maxHeight": "31rem",
                  "minHeight": "10.5rem",
                  "top": "10px",
                }
              }
            >
              <styled.div>
                <div
                  className="sc-eNQAEJ gNZsNX"
                >
                  <styled.div
                    theme={
                      Object {
                        "colors": Object {
                          "background": "#F5F7FA",
                          "primaryText": "#AAAAAA",
                        },
                        "typography": Object {
                          "fontWeight": Object {
                            "normal": 400,
                          },
                        },
                      }
                    }
                  >
                    <div
                      className="sc-kEYyzF jxrfWL"
                    >
                      <styled.h2
                        onMouseDown={[Function]}
                        theme={
                          Object {
                            "colors": Object {
                              "primaryText": "#AAAAAA",
                            },
                            "typography": Object {
                              "fontWeight": Object {
                                "normal": 400,
                              },
                            },
                          }
                        }
                      >
                        <h2
                          className="sc-kkGfuU klAQHe"
                          onMouseDown={[Function]}
                        >
                          More Options
                        </h2>
                      </styled.h2>
                      <Styled(Link)
                        onClick={[Function]}
                        replace={true}
                        theme={
                          Object {
                            "colors": Object {
                              "background": "#000000",
                              "primaryText": "#AAAAAA",
                            },
                          }
                        }
                        to={
                          Object {
                            "pathname": "/",
                            "search": undefined,
                          }
                        }
                      >
                        <Link
                          className="sc-hMqMXs hOzlTA"
                          onClick={[Function]}
                          replace={true}
                          theme={
                            Object {
                              "colors": Object {
                                "background": "#000000",
                                "primaryText": "#AAAAAA",
                              },
                            }
                          }
                          to={
                            Object {
                              "pathname": "/",
                              "search": undefined,
                            }
                          }
                        >
                          <a
                            className="sc-hMqMXs hOzlTA"
                            href="/"
                            onClick={[Function]}
                            theme={
                              Object {
                                "colors": Object {
                                  "background": "#000000",
                                  "primaryText": "#AAAAAA",
                                },
                              }
                            }
                          />
                        </Link>
                      </Styled(Link)>
                    </div>
                  </styled.div>
                  <styled.div
                    theme={
                      Object {
                        "colors": Object {
                          "empty": "#FFFFFF",
                        },
                      }
                    }
                  >
                    <div
                      className="sc-iAyFgw gLJSFE"
                    >
                      <styled.ul>
                        <ul
                          className="sc-kgoBCf lnAFix"
                        >
                          <styled.li
                            data-test-id="switch-to-theme-editor"
                            onClick={[Function]}
                            theme={
                              Object {
                                "colors": Object {
                                  "primaryText": "#FFFFFF",
                                },
                              }
                            }
                          >
                            <li
                              className="sc-kGXeez cMNWCR"
                              data-test-id="switch-to-theme-editor"
                              onClick={[Function]}
                            >
                              Switch to old Theme Editor
                            </li>
                          </styled.li>
                          <styled.li
                            data-test-id="edit-theme-files"
                            onClick={[Function]}
                            theme={
                              Object {
                                "colors": Object {
                                  "primaryText": "#FFFFFF",
                                },
                              }
                            }
                          >
                            <li
                              className="sc-kGXeez cMNWCR"
                              data-test-id="edit-theme-files"
                              onClick={[Function]}
                            >
                              Edit Theme Files
                            </li>
                          </styled.li>
                          <styled.li
                            data-test-id="restore-original"
                            onClick={[Function]}
                            theme={
                              Object {
                                "colors": Object {
                                  "primaryText": "#FFFFFF",
                                },
                              }
                            }
                          >
                            <li
                              className="sc-kGXeez cMNWCR"
                              data-test-id="restore-original"
                              onClick={[Function]}
                            >
                              Restore original theme styles
                            </li>
                          </styled.li>
                        </ul>
                      </styled.ul>
                    </div>
                  </styled.div>
                  <styled.div
                    onMouseDown={[Function]}
                  >
                    <div
                      className="sc-hSdWYo eXSuhC"
                      onMouseDown={[Function]}
                    >
                      <styled.div>
                        <div
                          className="sc-eHgmQL fbxFaP"
                        >
                          <Icon
                            glyph="resizeable"
                            primaryColor="#CFD6E5"
                            size="large"
                          >
                            <styled.span
                              iconSize="large"
                            >
                              <span
                                className="sc-htpNat gUgXl"
                              >
                                <styled.svg
                                  viewBox="0 0 16 6"
                                >
                                  <svg
                                    className="sc-bxivhb fJCLdB"
                                    version="1.1"
                                    viewBox="0 0 16 6"
                                    xmlns="http://www.w3.org/2000/svg"
                                  >
                                    <path
                                      d="
            M16 0H0V2H16V0ZM0 6H16V4H0V6Z
        "
                                      fill="#CFD6E5"
                                      stroke="none"
                                    />
                                  </svg>
                                </styled.svg>
                              </span>
                            </styled.span>
                          </Icon>
                        </div>
                      </styled.div>
                    </div>
                  </styled.div>
                </div>
              </styled.div>
            </div>
          </styled.div>
        </ExpandableMenu>
      </div>
    </styled.div>
  </Draggable>
</MoreOptions>
`;

exports[`<MoreOptions /> when you click "Edit Theme Files" when the design policy has not been acknowledged when viewing the active theme renders correctly 1`] = `
<MoreOptions
  activeThemeId="8900"
  canOptOut={true}
  configurationId="123"
  createNotification={
    [MockFunction] {
      "calls": Array [
        Array [
          true,
          "Original theme styles restored.",
          "Success",
        ],
        Array [
          true,
          "Original theme styles restored.",
          "Success",
        ],
      ],
    }
  }
  currentVariationEntry={
    Object {
      "configurationId": "123",
      "defaultConfigurationId": "234",
      "id": "567",
      "isCurrent": true,
      "screenshot": Object {
        "largePreview": "host://meows/123.jpg",
        "largeThumb": "host://meows/234.jpg",
        "smallThumb": "host://meows/345.jpg",
      },
      "themeId": "8900",
      "variationName": "light",
    }
  }
  history={[MockFunction]}
  isChanged={false}
  isPrivate={true}
  loadTheme={
    [MockFunction] {
      "calls": Array [
        Array [
          "234",
          "234",
        ],
        Array [
          "234",
          "234",
        ],
      ],
    }
  }
  location={[MockFunction]}
  match={
    Object {
      "isExact": true,
      "params": "",
      "path": "/",
      "url": "/",
    }
  }
  notifications={
    Object {
      "autoDismiss": true,
      "message": "hello",
      "type": "Success",
    }
  }
  position={
    Object {
      "x": 10,
      "y": 10,
    }
  }
  staticContext={[MockFunction]}
  storeHash="abc"
  themeId="8900"
  variationId="234"
  versionId="456"
>
  <Draggable
    position={
      Object {
        "x": 10,
        "y": 10,
      }
    }
  >
    <styled.div
      dragging={false}
      theme={
        Object {
          "layers": Object {
            "high": 100,
          },
        }
      }
    >
      <div
        className="sc-ckVGcZ cRvvSG"
        style={
          Object {
            "pointerEvents": "none",
          }
        }
      >
        <ExpandableMenu
          back={
            Object {
              "pathname": "/",
              "search": undefined,
            }
          }
          position={
            Object {
              "x": 10,
              "y": 10,
            }
          }
          startMove={[Function]}
          startResize={[Function]}
          title="More Options"
          windowRef={
            Object {
              "current": <div
                class="sc-jKJlTe eNHUZn"
                style="left: 10px; max-height: 31rem; min-height: 10.5rem; top: 10px;"
              >
                <div
                  class="sc-eNQAEJ gNZsNX"
                >
                  <div
                    class="sc-kEYyzF jxrfWL"
                  >
                    <h2
                      class="sc-kkGfuU klAQHe"
                    >
                      More Options
                    </h2>
                    <a
                      class="sc-hMqMXs hOzlTA"
                      href="/"
                      theme="[object Object]"
                    />
                  </div>
                  <div
                    class="sc-iAyFgw gLJSFE"
                  >
                    <ul
                      class="sc-kgoBCf lnAFix"
                    >
                      <li
                        class="sc-kGXeez cMNWCR"
                        data-test-id="switch-to-theme-editor"
                      >
                        Switch to old Theme Editor
                      </li>
                      <li
                        class="sc-kGXeez cMNWCR"
                        data-test-id="edit-theme-files"
                      >
                        Edit Theme Files
                      </li>
                      <li
                        class="sc-kGXeez cMNWCR"
                        data-test-id="restore-original"
                      >
                        Restore original theme styles
                      </li>
                    </ul>
                  </div>
                  <div
                    class="sc-hSdWYo eXSuhC"
                  >
                    <div
                      class="sc-eHgmQL fbxFaP"
                    >
                      <span
                        class="sc-htpNat gUgXl"
                      >
                        <svg
                          class="sc-bxivhb fJCLdB"
                          version="1.1"
                          viewBox="0 0 16 6"
                          xmlns="http://www.w3.org/2000/svg"
                        >
                          <path
                            d="
            M16 0H0V2H16V0ZM0 6H16V4H0V6Z
        "
                            fill="#CFD6E5"
                            stroke="none"
                          />
                        </svg>
                      </span>
                    </div>
                  </div>
                </div>
              </div>,
            }
          }
        >
          <styled.div
            innerRef={
              Object {
                "current": <div
                  class="sc-jKJlTe eNHUZn"
                  style="left: 10px; max-height: 31rem; min-height: 10.5rem; top: 10px;"
                >
                  <div
                    class="sc-eNQAEJ gNZsNX"
                  >
                    <div
                      class="sc-kEYyzF jxrfWL"
                    >
                      <h2
                        class="sc-kkGfuU klAQHe"
                      >
                        More Options
                      </h2>
                      <a
                        class="sc-hMqMXs hOzlTA"
                        href="/"
                        theme="[object Object]"
                      />
                    </div>
                    <div
                      class="sc-iAyFgw gLJSFE"
                    >
                      <ul
                        class="sc-kgoBCf lnAFix"
                      >
                        <li
                          class="sc-kGXeez cMNWCR"
                          data-test-id="switch-to-theme-editor"
                        >
                          Switch to old Theme Editor
                        </li>
                        <li
                          class="sc-kGXeez cMNWCR"
                          data-test-id="edit-theme-files"
                        >
                          Edit Theme Files
                        </li>
                        <li
                          class="sc-kGXeez cMNWCR"
                          data-test-id="restore-original"
                        >
                          Restore original theme styles
                        </li>
                      </ul>
                    </div>
                    <div
                      class="sc-hSdWYo eXSuhC"
                    >
                      <div
                        class="sc-eHgmQL fbxFaP"
                      >
                        <span
                          class="sc-htpNat gUgXl"
                        >
                          <svg
                            class="sc-bxivhb fJCLdB"
                            version="1.1"
                            viewBox="0 0 16 6"
                            xmlns="http://www.w3.org/2000/svg"
                          >
                            <path
                              d="
            M16 0H0V2H16V0ZM0 6H16V4H0V6Z
        "
                              fill="#CFD6E5"
                              stroke="none"
                            />
                          </svg>
                        </span>
                      </div>
                    </div>
                  </div>
                </div>,
              }
            }
            position={
              Object {
                "x": 10,
                "y": 10,
              }
            }
            theme={
              Object {
                "elevation": Object {
                  "floating": "0 2px 12px rgba(48, 53, 64, 0.2)",
                },
                "layers": Object {
                  "high": 50,
                },
              }
            }
          >
            <div
              className="sc-jKJlTe eNHUZn"
              style={
                Object {
                  "left": "10px",
                  "maxHeight": "31rem",
                  "minHeight": "10.5rem",
                  "top": "10px",
                }
              }
            >
              <styled.div>
                <div
                  className="sc-eNQAEJ gNZsNX"
                >
                  <styled.div
                    theme={
                      Object {
                        "colors": Object {
                          "background": "#F5F7FA",
                          "primaryText": "#AAAAAA",
                        },
                        "typography": Object {
                          "fontWeight": Object {
                            "normal": 400,
                          },
                        },
                      }
                    }
                  >
                    <div
                      className="sc-kEYyzF jxrfWL"
                    >
                      <styled.h2
                        onMouseDown={[Function]}
                        theme={
                          Object {
                            "colors": Object {
                              "primaryText": "#AAAAAA",
                            },
                            "typography": Object {
                              "fontWeight": Object {
                                "normal": 400,
                              },
                            },
                          }
                        }
                      >
                        <h2
                          className="sc-kkGfuU klAQHe"
                          onMouseDown={[Function]}
                        >
                          More Options
                        </h2>
                      </styled.h2>
                      <Styled(Link)
                        onClick={[Function]}
                        replace={true}
                        theme={
                          Object {
                            "colors": Object {
                              "background": "#000000",
                              "primaryText": "#AAAAAA",
                            },
                          }
                        }
                        to={
                          Object {
                            "pathname": "/",
                            "search": undefined,
                          }
                        }
                      >
                        <Link
                          className="sc-hMqMXs hOzlTA"
                          onClick={[Function]}
                          replace={true}
                          theme={
                            Object {
                              "colors": Object {
                                "background": "#000000",
                                "primaryText": "#AAAAAA",
                              },
                            }
                          }
                          to={
                            Object {
                              "pathname": "/",
                              "search": undefined,
                            }
                          }
                        >
                          <a
                            className="sc-hMqMXs hOzlTA"
                            href="/"
                            onClick={[Function]}
                            theme={
                              Object {
                                "colors": Object {
                                  "background": "#000000",
                                  "primaryText": "#AAAAAA",
                                },
                              }
                            }
                          />
                        </Link>
                      </Styled(Link)>
                    </div>
                  </styled.div>
                  <styled.div
                    theme={
                      Object {
                        "colors": Object {
                          "empty": "#FFFFFF",
                        },
                      }
                    }
                  >
                    <div
                      className="sc-iAyFgw gLJSFE"
                    >
                      <styled.ul>
                        <ul
                          className="sc-kgoBCf lnAFix"
                        >
                          <styled.li
                            data-test-id="switch-to-theme-editor"
                            onClick={[Function]}
                            theme={
                              Object {
                                "colors": Object {
                                  "primaryText": "#FFFFFF",
                                },
                              }
                            }
                          >
                            <li
                              className="sc-kGXeez cMNWCR"
                              data-test-id="switch-to-theme-editor"
                              onClick={[Function]}
                            >
                              Switch to old Theme Editor
                            </li>
                          </styled.li>
                          <styled.li
                            data-test-id="edit-theme-files"
                            onClick={[Function]}
                            theme={
                              Object {
                                "colors": Object {
                                  "primaryText": "#FFFFFF",
                                },
                              }
                            }
                          >
                            <li
                              className="sc-kGXeez cMNWCR"
                              data-test-id="edit-theme-files"
                              onClick={[Function]}
                            >
                              Edit Theme Files
                            </li>
                          </styled.li>
                          <styled.li
                            data-test-id="restore-original"
                            onClick={[Function]}
                            theme={
                              Object {
                                "colors": Object {
                                  "primaryText": "#FFFFFF",
                                },
                              }
                            }
                          >
                            <li
                              className="sc-kGXeez cMNWCR"
                              data-test-id="restore-original"
                              onClick={[Function]}
                            >
                              Restore original theme styles
                            </li>
                          </styled.li>
                        </ul>
                      </styled.ul>
                    </div>
                  </styled.div>
                  <styled.div
                    onMouseDown={[Function]}
                  >
                    <div
                      className="sc-hSdWYo eXSuhC"
                      onMouseDown={[Function]}
                    >
                      <styled.div>
                        <div
                          className="sc-eHgmQL fbxFaP"
                        >
                          <Icon
                            glyph="resizeable"
                            primaryColor="#CFD6E5"
                            size="large"
                          >
                            <styled.span
                              iconSize="large"
                            >
                              <span
                                className="sc-htpNat gUgXl"
                              >
                                <styled.svg
                                  viewBox="0 0 16 6"
                                >
                                  <svg
                                    className="sc-bxivhb fJCLdB"
                                    version="1.1"
                                    viewBox="0 0 16 6"
                                    xmlns="http://www.w3.org/2000/svg"
                                  >
                                    <path
                                      d="
            M16 0H0V2H16V0ZM0 6H16V4H0V6Z
        "
                                      fill="#CFD6E5"
                                      stroke="none"
                                    />
                                  </svg>
                                </styled.svg>
                              </span>
                            </styled.span>
                          </Icon>
                        </div>
                      </styled.div>
                    </div>
                  </styled.div>
                </div>
              </styled.div>
            </div>
          </styled.div>
        </ExpandableMenu>
      </div>
    </styled.div>
  </Draggable>
</MoreOptions>
`;
