// Jest Snapshot v1, https://goo.gl/fbAQLP

exports[`renders 1`] = `
<styled.div>
  <styled.input
    checked={true}
    id="CheckboxTestId"
    onChange={[Function]}
  />
  <styled.label
    htmlFor="CheckboxTestId"
  />
  <styled.label>
    Label
  </styled.label>
</styled.div>
`;
