// Jest Snapshot v1, https://goo.gl/fbAQLP

exports[`UIWindow when given a window renders correctly 1`] = `
<div>
  <styled.div
    onClick={[Function]}
    position={
      Object {
        "x": 5,
        "y": 10,
      }
    }
    theme={
      Object {
        "colors": Object {
          "empty": "#FFFFFF",
          "guideText": "#AAAAAA",
        },
        "elevation": Object {
          "raised": 1,
        },
      }
    }
  >
    <styled.h3
      theme={
        Object {
          "colors": Object {
            "primaryText": "#FFFFFF",
          },
          "typography": Object {
            "fontWeight": Object {
              "bold": 200,
            },
          },
        }
      }
    >
      hello
    </styled.h3>
    <styled.div>
      <p>
        blah
      </p>
    </styled.div>
  </styled.div>
</div>
`;
