// Jest Snapshot v1, https://goo.gl/fbAQLP

exports[`renders 1`] = `
<styled.div>
  <styled.label>
    Label
  </styled.label>
  <styled.select />
</styled.div>
`;
