// Jest Snapshot v1, https://goo.gl/fbAQLP

exports[`renders 1`] = `
<React.Fragment>
  <SubMenu
    currentPath="/design/logo"
    items={
      Array [
        Object {
          "label": "Logo and name",
          "path": "logo",
        },
        Object {
          "label": "Store theme",
          "path": "theme",
        },
        Object {
          "label": "fred",
          "path": "style/0",
        },
        Object {
          "label": "joe",
          "path": "style/1",
        },
      ]
    }
    showArrows={false}
    title="Design"
  />
  <ButtonInput
    classType="primary"
    disabled={false}
    onClick={[Function]}
    type="button"
  >
    Save
  </ButtonInput>
</React.Fragment>
`;
