// Jest Snapshot v1, https://goo.gl/fbAQLP

exports[`renders 1`] = `
ShallowWrapper {
  "length": 1,
  Symbol(enzyme.__root__): [Circular],
  Symbol(enzyme.__unrendered__): <MenuItems
    currentPath="/"
    items={
      Array [
        Object {
          "label": "Logo and Store Name",
          "path": "logo",
        },
        Object {
          "label": "Store Theme",
          "path": "theme",
        },
      ]
    }
  />,
  Symbol(enzyme.__renderer__): Object {
    "batchedUpdates": [Function],
    "getNode": [Function],
    "render": [Function],
    "simulateEvent": [Function],
    "unmount": [Function],
  },
  Symbol(enzyme.__node__): Object {
    "instance": null,
    "key": undefined,
    "nodeType": "class",
    "props": Object {
      "children": Array [
        <li>
          <Styled(NavLink)
            activeClassName="nav-item-active"
            exact={true}
            to="/logo"
          >
            Logo and Store Name
          </Styled(NavLink)>
        </li>,
        <li>
          <Styled(NavLink)
            activeClassName="nav-item-active"
            exact={true}
            to="/theme"
          >
            Store Theme
          </Styled(NavLink)>
        </li>,
      ],
    },
    "ref": null,
    "rendered": Array [
      Object {
        "instance": null,
        "key": "logo",
        "nodeType": "host",
        "props": Object {
          "children": <Styled(NavLink)
            activeClassName="nav-item-active"
            exact={true}
            to="/logo"
          >
            Logo and Store Name
          </Styled(NavLink)>,
        },
        "ref": null,
        "rendered": Object {
          "instance": null,
          "key": undefined,
          "nodeType": "class",
          "props": Object {
            "activeClassName": "nav-item-active",
            "children": "Logo and Store Name",
            "exact": true,
            "to": "/logo",
          },
          "ref": null,
          "rendered": "Logo and Store Name",
          "type": [Function],
        },
        "type": "li",
      },
      Object {
        "instance": null,
        "key": "theme",
        "nodeType": "host",
        "props": Object {
          "children": <Styled(NavLink)
            activeClassName="nav-item-active"
            exact={true}
            to="/theme"
          >
            Store Theme
          </Styled(NavLink)>,
        },
        "ref": null,
        "rendered": Object {
          "instance": null,
          "key": undefined,
          "nodeType": "class",
          "props": Object {
            "activeClassName": "nav-item-active",
            "children": "Store Theme",
            "exact": true,
            "to": "/theme",
          },
          "ref": null,
          "rendered": "Store Theme",
          "type": [Function],
        },
        "type": "li",
      },
    ],
    "type": [Function],
  },
  Symbol(enzyme.__nodes__): Array [
    Object {
      "instance": null,
      "key": undefined,
      "nodeType": "class",
      "props": Object {
        "children": Array [
          <li>
            <Styled(NavLink)
              activeClassName="nav-item-active"
              exact={true}
              to="/logo"
            >
              Logo and Store Name
            </Styled(NavLink)>
          </li>,
          <li>
            <Styled(NavLink)
              activeClassName="nav-item-active"
              exact={true}
              to="/theme"
            >
              Store Theme
            </Styled(NavLink)>
          </li>,
        ],
      },
      "ref": null,
      "rendered": Array [
        Object {
          "instance": null,
          "key": "logo",
          "nodeType": "host",
          "props": Object {
            "children": <Styled(NavLink)
              activeClassName="nav-item-active"
              exact={true}
              to="/logo"
            >
              Logo and Store Name
            </Styled(NavLink)>,
          },
          "ref": null,
          "rendered": Object {
            "instance": null,
            "key": undefined,
            "nodeType": "class",
            "props": Object {
              "activeClassName": "nav-item-active",
              "children": "Logo and Store Name",
              "exact": true,
              "to": "/logo",
            },
            "ref": null,
            "rendered": "Logo and Store Name",
            "type": [Function],
          },
          "type": "li",
        },
        Object {
          "instance": null,
          "key": "theme",
          "nodeType": "host",
          "props": Object {
            "children": <Styled(NavLink)
              activeClassName="nav-item-active"
              exact={true}
              to="/theme"
            >
              Store Theme
            </Styled(NavLink)>,
          },
          "ref": null,
          "rendered": Object {
            "instance": null,
            "key": undefined,
            "nodeType": "class",
            "props": Object {
              "activeClassName": "nav-item-active",
              "children": "Store Theme",
              "exact": true,
              "to": "/theme",
            },
            "ref": null,
            "rendered": "Store Theme",
            "type": [Function],
          },
          "type": "li",
        },
      ],
      "type": [Function],
    },
  ],
  Symbol(enzyme.__options__): Object {
    "adapter": ReactSixteenAdapter {
      "options": Object {
        "enableComponentDidUpdateOnSetState": true,
      },
    },
  },
}
`;
