// Jest Snapshot v1, https://goo.gl/fbAQLP

exports[`UpdateAction renders 1`] = `
<styled.div>
  <Button
    actionType="primary"
    buttonStyle="contained"
    onClick={[MockFunction]}
    testId="apply-update"
    type="button"
  >
    Apply Update
  </Button>
</styled.div>
`;
