// Jest Snapshot v1, https://goo.gl/fbAQLP

exports[`ThemeVariations renders 1`] = `
<Router
  history={
    Object {
      "action": "POP",
      "block": [Function],
      "createHref": [Function],
      "go": [Function],
      "goBack": [Function],
      "goForward": [Function],
      "listen": [Function],
      "location": Object {
        "hash": "",
        "pathname": "/styles",
        "search": "",
      },
      "push": [Function],
      "replace": [Function],
    }
  }
>
  <ThemeVariations
    history={[MockFunction]}
    isChanged={false}
    loadTheme={[MockFunction]}
    location={[MockFunction]}
    match={[MockFunction]}
    position={
      Object {
        "x": 5,
        "y": 10,
      }
    }
    staticContext={[MockFunction]}
    themeVariants={
      Array [
        Object {
          "image": "http://meow.wow.com/123.jpg",
          "isActive": true,
          "name": "light",
          "variationId": "123",
        },
        Object {
          "image": "http://meow.wow.com/123.jpg",
          "isActive": false,
          "name": "dark",
          "variationId": "234",
        },
      ]
    }
  />
</Router>
`;
